// Jest Snapshot v1, https://goo.gl/fbAQLP

exports[`Deposits Unit Testing Deposits correctly displays data with correct API call 1`] = `"<h2 class=\\"MuiTypography-root MuiTypography-h6 MuiTypography-colorPrimary MuiTypography-gutterBottom\\">Total Ad Spend</h2><p class=\\"MuiTypography-root MuiTypography-h4\\">$3,024.00</p><p class=\\"MuiTypography-root makeStyles-depositContext-1 MuiTypography-body1 MuiTypography-colorTextSecondary\\">as of 15 March, 2019</p><div><a class=\\"MuiTypography-root MuiLink-root MuiLink-underlineHover MuiTypography-colorPrimary\\" href=\\"#\\">View more</a></div>"`;
